2026-08-28T10:24:06.430+05:30  INFO 25472 --- [main] com.saesubam.SpringBootApplication       : Starting SpringBootApplication using Java 17.0.19 with PID 25472 (D:\workspace2026\dev\appilcation\spring-boot-starter-web\target\classes started by vign2415 in D:\workspace2026\dev\appilcation\spring-boot-starter-web)
2026-08-28T10:24:06.448+05:30  INFO 25472 --- [main] com.saesubam.SpringBootApplication       : No active profile set, falling back to 1 default profile: "default"
2026-08-28T10:24:09.040+05:30  INFO 25472 --- [main] .s.d.r.c.RepositoryConfigurationDelegate : Bootstrapping Spring Data JPA repositories in DEFAULT mode.
2026-08-28T10:24:09.261+05:30  INFO 25472 --- [main] .s.d.r.c.RepositoryConfigurationDelegate : Finished Spring Data repository scanning in 195 ms. Found 8 JPA repository interfaces.
2026-08-28T10:24:10.638+05:30  INFO 25472 --- [main] o.s.b.w.embedded.tomcat.TomcatWebServer  : Tomcat initialized with port 8080 (http)
2026-08-28T10:24:10.661+05:30  INFO 25472 --- [main] o.apache.catalina.core.StandardService   : Starting service [Tomcat]
2026-08-28T10:24:10.663+05:30  INFO 25472 --- [main] o.apache.catalina.core.StandardEngine    : Starting Servlet engine: [Apache Tomcat/10.1.46]
2026-08-28T10:24:10.796+05:30  INFO 25472 --- [main] o.a.c.c.C.[Tomcat].[localhost].[/]       : Initializing Spring embedded WebApplicationContext
2026-08-28T10:24:10.797+05:30  INFO 25472 --- [main] w.s.c.ServletWebServerApplicationContext : Root WebApplicationContext: initialization completed in 4267 ms
2026-08-28T10:24:11.174+05:30  INFO 25472 --- [main] o.hibernate.jpa.internal.util.LogHelper  : HHH000204: Processing PersistenceUnitInfo [name: default]
2026-08-28T10:24:11.328+05:30  INFO 25472 --- [main] org.hibernate.Version                    : HHH000412: Hibernate ORM core version 6.6.29.Final
2026-08-28T10:24:11.459+05:30  INFO 25472 --- [main] o.h.c.internal.RegionFactoryInitiator    : HHH000026: Second-level cache disabled
2026-08-28T10:24:12.037+05:30  INFO 25472 --- [main] o.s.o.j.p.SpringPersistenceUnitInfo      : No LoadTimeWeaver setup: ignoring JPA class transformer
2026-08-28T10:24:12.099+05:30  INFO 25472 --- [main] com.zaxxer.hikari.HikariDataSource       : HikariPool-1 - Starting...
2026-08-28T10:24:16.719+05:30  INFO 25472 --- [main] com.zaxxer.hikari.pool.HikariPool        : HikariPool-1 - Added connection conn1: url=jdbc:h2:file:./data/saesubamdb user=SA
2026-08-28T10:24:16.723+05:30  INFO 25472 --- [main] com.zaxxer.hikari.HikariDataSource       : HikariPool-1 - Start completed.
2026-08-28T10:24:16.762+05:30  WARN 25472 --- [main] org.hibernate.orm.deprecation            : HHH90000025: H2Dialect does not need to be specified explicitly using 'hibernate.dialect' (remove the property setting and it will be selected by default)
2026-08-28T10:24:16.794+05:30  INFO 25472 --- [main] org.hibernate.orm.connections.pooling    : HHH10001005: Database info:
	Database JDBC URL [Connecting through datasource 'HikariDataSource (HikariPool-1)']
	Database driver: undefined/unknown
	Database version: 2.3.232
	Autocommit mode: undefined/unknown
	Isolation level: undefined/unknown
	Minimum pool size: undefined/unknown
	Maximum pool size: undefined/unknown
2026-08-28T10:24:18.401+05:30  INFO 25472 --- [main] o.h.e.t.j.p.i.JtaPlatformInitiator       : HHH000489: No JTA platform available (set 'hibernate.transaction.jta.platform' to enable JTA platform integration)
2026-08-28T10:24:18.518+05:30  INFO 25472 --- [main] j.LocalContainerEntityManagerFactoryBean : Initialized JPA EntityManagerFactory for persistence unit 'default'
2026-08-28T10:24:19.037+05:30  INFO 25472 --- [main] o.s.d.j.r.query.QueryEnhancerFactory     : Hibernate is in classpath; If applicable, HQL parser will be used.
2026-08-28T10:24:20.135+05:30  WARN 25472 --- [main] JpaBaseConfiguration$JpaWebConfiguration : spring.jpa.open-in-view is enabled by default. Therefore, database queries may be performed during view rendering. Explicitly configure spring.jpa.open-in-view to disable this warning
2026-08-28T10:24:20.524+05:30  INFO 25472 --- [main] o.s.b.a.e.web.EndpointLinksResolver      : Exposing 1 endpoint beneath base path '/actuator'
2026-08-28T10:24:20.573+05:30  WARN 25472 --- [main] .s.s.UserDetailsServiceAutoConfiguration : 

Using generated security password: a46467e8-3ce4-4b53-b27b-d4aca0ee2662

This generated password is for development use only. Your security configuration must be updated before running your application in production.

2026-08-28T10:24:20.586+05:30  INFO 25472 --- [main] r$InitializeUserDetailsManagerConfigurer : Global AuthenticationManager configured with UserDetailsService bean with name inMemoryUserDetailsManager
2026-08-28T10:24:21.119+05:30  INFO 25472 --- [main] o.s.b.a.h2.H2ConsoleAutoConfiguration    : H2 console available at '/h2-console'. Database available at 'jdbc:h2:file:./data/saesubamdb'
2026-08-28T10:24:21.257+05:30  WARN 25472 --- [main] ConfigServletWebServerApplicationContext : Exception encountered during context initialization - cancelling refresh attempt: org.springframework.context.ApplicationContextException: Failed to start bean 'webServerStartStop'
2026-08-28T10:24:21.263+05:30  INFO 25472 --- [main] j.LocalContainerEntityManagerFactoryBean : Closing JPA EntityManagerFactory for persistence unit 'default'
2026-08-28T10:24:21.267+05:30  INFO 25472 --- [main] com.zaxxer.hikari.HikariDataSource       : HikariPool-1 - Shutdown initiated...
2026-08-28T10:24:21.270+05:30  INFO 25472 --- [main] com.zaxxer.hikari.HikariDataSource       : HikariPool-1 - Shutdown completed.
2026-08-28T10:24:21.299+05:30  INFO 25472 --- [main] .s.b.a.l.ConditionEvaluationReportLogger : 

Error starting ApplicationContext. To display the condition evaluation report re-run your application with 'debug' enabled.
2026-08-28T10:24:21.329+05:30 ERROR 25472 --- [main] o.s.b.d.LoggingFailureAnalysisReporter   : 

***************************
APPLICATION FAILED TO START
***************************

Description:

Web server failed to start. Port 8080 was already in use.

Action:

Identify and stop the process that's listening on port 8080 or configure this application to listen on another port.

